     1                                 %line 1+1 a12procs.asm
     2                                 
     3                                 
     4                                 
     5                                 
     6                                 
     7                                 
     8                                 
     9                                 
    10                                 
    11                                 
    12                                 
    13                                 
    14                                 
    15                                 
    16                                 
    17                                 
    18                                 
    19                                 
    20                                 
    21                                 [section .data]
    22                                 
    23                                 
    24                                 
    25                                 
    26                                 LF equ 10
    27                                 NULL equ 0
    28                                 ESC equ 27
    29                                 
    30                                 TRUE equ 1
    31                                 FALSE equ 0
    32                                 
    33                                 SUCCESS equ 0
    34                                 NOSUCCESS equ 1
    35                                 
    36                                 STDIN equ 0
    37                                 STDOUT equ 1
    38                                 STDERR equ 2
    39                                 
    40                                 SYS_read equ 0
    41                                 SYS_write equ 1
    42                                 SYS_open equ 2
    43                                 SYS_close equ 3
    44                                 SYS_fork equ 57
    45                                 SYS_exit equ 60
    46                                 SYS_creat equ 85
    47                                 SYS_time equ 201
    48                                 
    49                                 
    50                                 
    51                                 
    52 00000000 0000000000000000       currentIndex dq 0
    53 00000008 0000000000000000       myLock dq 0
    54 00000010 E803000000000000       BLOCK_SIZE dq 1000
    55                                 
    56                                 
    57                                 
    58                                 
    59 00000018 202E2E2E5468726561-    msgThread1 db " ...Thread starting...", LF, NULL
    60 00000018 64207374617274696E-
    61 00000018 672E2E2E0A00       
    62                                 
    63                                 
    64                                 
    65                                 
    66                                 LIMITMIN equ 1000
    67                                 LIMITMAX equ 4000000000
    68                                 
    69 00000030 55736761653A202E2F-    errUsage db "Usgae: ./narCounter -t <1|2|3|4|5|6> ",
    70 00000030 6E6172436F756E7465-
    71 00000030 72202D74203C317C32-
    72 00000030 7C337C347C357C363E-
    73 00000030 20                 
    74 00000055 2D6C203C736570744E-     db "-l <septNumber>", LF, NULL
    75 00000055 756D6265723E0A00   
    76 00000066 4572726F722C20696E-    errOptions db "Error, invalid command line options."
    77 00000066 76616C696420636F6D-
    78 00000066 6D616E64206C696E65-
    79 00000066 206F7074696F6E732E 
    80 0000008A 0A00                    db LF, NULL
    81 0000008C 4572726F722C20696E-    errLSpec db "Error, invalid limit specifier."
    82 0000008C 76616C6964206C696D-
    83 0000008C 697420737065636966-
    84 0000008C 6965722E           
    85 000000AB 0A00                    db LF, NULL
    86 000000AD 4572726F722C206C69-    errLValue db "Error, limit out of range."
    87 000000AD 6D6974206F7574206F-
    88 000000AD 662072616E67652E   
    89 000000C7 0A00                    db LF, NULL
    90 000000C9 4572726F722C20696E-    errTSpec db "Error, invalid thread count specifier."
    91 000000C9 76616C696420746872-
    92 000000C9 65616420636F756E74-
    93 000000C9 207370656369666965-
    94 000000C9 722E               
    95 000000EF 0A00                    db LF, NULL
    96 000000F1 4572726F722C207468-    errTValue db "Error, thread count out of range."
    97 000000F1 7265616420636F756E-
    98 000000F1 74206F7574206F6620-
    99 000000F1 72616E67652E       
   100 00000112 0A00                    db LF, NULL
   101                                 
   102                                 
   103                                 
   104                                 
   105 00000114 0700000000000000       qSeven dq 7
   106 0000011C 0000000000000000       tmpNum dq 0
   107                                 
   108                                 
   109                                 
   110                                 [section .text]
   111                                 
   112                                 
   113                                 
   114                                 
   115                                 
   116                                 
   117                                 
   118                                 
   119                                 
   120                                 
   121                                 
   122                                 
   123                                 [common userLimit 1:8]
   124                                 [common narcissisticCount 1:8]
   125                                 [common narcissisticNumbers 100:8]
   126                                 
   127                                 [global narcissisticNumberCounter]
   128                                 narcissisticNumberCounter:
   129 00000000 55                     push rbp
   130 00000001 4889E5                 mov rbp, rsp
   131 00000004 53                     push rbx
   132 00000005 4154                   push r12
   133 00000007 4155                   push r13
   134 00000009 4156                   push r14
   135 0000000B 4157                   push r15
   136                                 
   137 0000000D 48C7C7[00000000]        mov rdi, msgThread1
   138 00000014 E8EF020000              call printString
   139                                 
   140                                 
   141                                 
   142                                 getBlock:
   143 00000019 E81D010000              call spinLock
   144 0000001E 488B0425[00000000]      mov rax, qword [currentIndex]
   145 00000026 48030425[00000000]      add rax, qword [BLOCK_SIZE]
   146 0000002E 48890425[00000000]      mov qword [currentIndex], rax
   147 00000036 E816010000              call spinUnlock
   148                                 
   149                                 
   150 0000003B 488B1C25[00000000]      mov rbx, qword [userLimit]
   151 00000043 E8F3000000              call spinLock
   152 00000048 4C8B0C25[00000000]      mov r9, qword [currentIndex]
   153 00000050 E8FC000000              call spinUnlock
   154 00000055 48C7C100000000          mov rcx, 0
   155 0000005C 4981E9E8030000          sub r9, 1000
   156                                 narc:
   157 00000063 49C7C30A000000          mov r11, 10
   158 0000006A 49C7C500000000          mov r13, 0
   159 00000071 4C89C8                  mov rax, r9
   160                                 numLength:
   161 00000074 48C7C200000000          mov rdx, 0
   162 0000007B 49F7F3                  div r11
   163 0000007E 49FFC5                  inc r13
   164 00000081 4883F800                cmp rax, 0
   165 00000085 75EB                    jne numLength
   166                                 
   167 00000087 4983FD01                cmp r13, 1
   168 0000008B 7457                    je singleDigit
   169                                 
   170 0000008D 49C7C30A000000          mov r11, 10
   171 00000094 49C7C600000000          mov r14, 0
   172 0000009B 49C7C700000000          mov r15, 0
   173 000000A2 4D89C8                  mov r8, r9
   174                                 narcCheck:
   175 000000A5 48C7C200000000          mov rdx, 0
   176 000000AC 4C89C0                  mov rax, r8
   177 000000AF 49F7F3                  div r11
   178 000000B2 49C7C201000000          mov r10, 1
   179 000000B9 4989D4                  mov r12, rdx
   180 000000BC 4989C0                  mov r8, rax
   181 000000BF 4C89E0                  mov rax, r12
   182                                 exponent:
   183 000000C2 48C7C200000000          mov rdx, 0
   184 000000C9 49F7E4                  mul r12
   185 000000CC 49FFC2                  inc r10
   186 000000CF 4D39EA                  cmp r10, r13
   187 000000D2 72EC                    jb exponent
   188 000000D4 4901C6                  add r14, rax
   189 000000D7 49FFC7                  inc r15
   190 000000DA 4D39EF                  cmp r15, r13
   191 000000DD 76C4                    jbe narcCheck
   192                                 
   193 000000DF 4D39F1                  cmp r9, r14
   194 000000E2 7403                    je isNarc
   195 000000E4 EB2D                    jmp nextNum
   196                                 
   197                                 singleDigit:
   198 000000E6 4D89CE                  mov r14, r9
   199                                 
   200                                 isNarc:
   201 000000E9 E84D000000              call spinLock
   202 000000EE 4C8B1425[00000000]      mov r10, qword [narcissisticCount]
   203 000000F6 E856000000              call spinUnlock
   204                                 
   205 000000FB E83B000000              call spinLock
   206 00000100 4E8934D5[00000000]      mov qword [narcissisticNumbers + r10*8], r14
   207 00000108 48FF0425[00000000]      inc qword [narcissisticCount]
   208 00000110 E83C000000              call spinUnlock
   209                                 
   210                                 nextNum:
   211 00000115 49FFC1                  inc r9
   212                                 
   213 00000118 4939D9                  cmp r9, rbx
   214 0000011B 7713                    ja narcDone
   215                                 
   216 0000011D 48FFC1                  inc rcx
   217 00000120 4881F9E8030000          cmp rcx, 1000
   218 00000127 0F8530FFFFFF            jne narc
   219 0000012D E9E2FEFFFF              jmp getBlock
   220                                 
   221                                 narcDone:
   222                                 
   223 00000132 415F                   pop r15
   224 00000134 415E                   pop r14
   225 00000136 415D                   pop r13
   226 00000138 415C                   pop r12
   227 0000013A 5B                     pop rbx
   228 0000013B 4889EC                 mov rsp, rbp
   229 0000013E 5D                     pop rbp
   230 0000013F C3                      ret
   231                                 
   232                                 
   233                                 
   234                                 
   235                                 
   236                                 
   237                                 
   238                                 
   239                                 
   240                                 [global spinLock]
   241                                 spinLock:
   242 00000140 48C7C001000000          mov rax, 1
   243                                 
   244 00000147 F048870425[00000000]     lock xchg rax, qword [myLock]
   245                                 
   246                                 
   247                                 
   248                                 
   249 00000150 4885C0                  test rax, rax
   250                                 
   251                                 
   252                                 
   253                                 
   254                                 
   255 00000153 75E9                    jnz spinLock
   256                                 
   257                                 
   258 00000155 C3                      ret
   259                                 
   260                                 
   261                                 
   262                                 
   263                                 
   264                                 [global spinUnlock]
   265                                 spinUnlock:
   266 00000156 48C7C000000000          mov rax, 0
   267                                 
   268 0000015D 48870425[00000000]      xchg rax, qword [myLock]
   269                                 
   270 00000165 C3                      ret
   271                                 
   272                                 
   273                                 
   274                                 
   275                                 
   276                                 
   277                                 
   278                                 
   279                                 
   280                                 
   281                                 
   282                                 
   283                                 
   284                                 
   285                                 
   286                                 
   287                                 
   288                                 
   289                                 
   290                                 
   291                                 
   292                                 
   293                                 
   294                                 
   295                                 [global getUserArgs]
   296                                 getUserArgs:
   297 00000166 55                     push rbp
   298 00000167 4889E5                 mov rbp, rsp
   299 0000016A 53                     push rbx
   300 0000016B 4154                   push r12
   301 0000016D 4155                   push r13
   302 0000016F 4156                   push r14
   303 00000171 4989CD                 mov r13, rcx
   304 00000174 4989D6                 mov r14, rdx
   305                                 
   306 00000177 4883FF05                cmp rdi, 5
   307 0000017B 740D                    je validCommand
   308 0000017D 4883FF01                cmp rdi, 1
   309 00000181 0F84AB000000            je usageErr
   310 00000187 E9B0000000              jmp optionsErr
   311                                 
   312                                 validCommand:
   313                                 
   314                                 
   315                                 
   316                                 
   317                                 tSpecTest:
   318 0000018C 48C7C300000000          mov rbx, 0
   319 00000193 488B5E08                mov rbx, qword [rsi+8]
   320                                 
   321 00000197 8A03                    mov al, byte [rbx]
   322 00000199 3C2D                    cmp al, "-"
   323 0000019B 0F85B5000000            jne tSpecErr
   324                                 
   325 000001A1 8A4301                  mov al, byte [rbx + 1]
   326 000001A4 3C74                    cmp al, "t"
   327 000001A6 0F85AA000000            jne tSpecErr
   328                                 
   329 000001AC 8A4302                  mov al, byte [rbx + 2]
   330 000001AF 3C00                    cmp al, NULL
   331 000001B1 0F859F000000            jne tSpecErr
   332                                 
   333                                 
   334                                 
   335                                 
   336 000001B7 48C7C300000000          mov rbx, 0
   337 000001BE 488B5E10                mov rbx, qword [rsi+16]
   338                                 
   339 000001C2 49C7C201000000          mov r10, 1
   340 000001C9 8A03                    mov al, byte [rbx]
   341 000001CB 3C31                    cmp al, "1"
   342 000001CD 7423                    je limitRangeGood
   343 000001CF 49FFC2                  inc r10
   344 000001D2 3C32                    cmp al, "2"
   345 000001D4 741C                    je limitRangeGood
   346 000001D6 49FFC2                  inc r10
   347 000001D9 3C33                    cmp al, "3"
   348 000001DB 7415                    je limitRangeGood
   349 000001DD 49FFC2                  inc r10
   350 000001E0 3C34                    cmp al, "4"
   351 000001E2 740E                    je limitRangeGood
   352 000001E4 49FFC2                  inc r10
   353 000001E7 3C35                    cmp al, "5"
   354 000001E9 7407                    je limitRangeGood
   355 000001EB 49FFC2                  inc r10
   356 000001EE 3C36                    cmp al, "6"
   357 000001F0 7400                    je limitRangeGood
   358 000001F2 EB6F                    jmp tValueErr
   359                                 
   360                                 limitRangeGood:
   361 000001F4 8A4301                  mov al, byte [rbx + 1]
   362 000001F7 3C00                    cmp al, NULL
   363 000001F9 7568                    jne tValueErr
   364                                 
   365 000001FB 4D8916                  mov qword [r14], r10
   366                                 
   367                                 
   368                                 
   369                                 lSpecTest:
   370 000001FE 48C7C300000000          mov rbx, 0
   371 00000205 488B5E18                mov rbx, qword [rsi+24]
   372                                 
   373 00000209 8A03                    mov al, byte [rbx]
   374 0000020B 3C2D                    cmp al, "-"
   375 0000020D 7539                    jne lSpecErr
   376                                 
   377 0000020F 8A4301                  mov al, byte [rbx + 1]
   378 00000212 3C6C                    cmp al, "l"
   379 00000214 7532                    jne lSpecErr
   380                                 
   381 00000216 8A4302                  mov al, byte [rbx + 2]
   382 00000219 3C00                    cmp al, NULL
   383 0000021B 752B                    jne lSpecErr
   384                                 
   385                                 
   386                                 
   387                                 
   388 0000021D 488B7E20                mov rdi, qword [rsi+32]
   389 00000221 4C89EE                  mov rsi, r13
   390 00000224 E858000000              call aSept2int
   391                                 
   392 00000229 4883F801                cmp rax, TRUE
   393 0000022D 7522                    jne lValueErr
   394                                 
   395                                 
   396                                 
   397 0000022F 48C7C001000000          mov rax, TRUE
   398 00000236 EB40                    jmp testDone
   399                                 usageErr:
   400 00000238 48C7C7[00000000]        mov rdi, errUsage
   401 0000023F EB2B                    jmp printIt
   402                                 optionsErr:
   403 00000241 48C7C7[00000000]        mov rdi, errOptions
   404 00000248 EB22                    jmp printIt
   405                                 lSpecErr:
   406 0000024A 48C7C7[00000000]        mov rdi, errLSpec
   407 00000251 EB19                    jmp printIt
   408                                 lValueErr:
   409 00000253 48C7C7[00000000]        mov rdi, errLValue
   410 0000025A EB10                    jmp printIt
   411                                 tSpecErr:
   412 0000025C 48C7C7[00000000]        mov rdi, errTSpec
   413 00000263 EB07                    jmp printIt
   414                                 tValueErr:
   415 00000265 48C7C7[00000000]        mov rdi, errTValue
   416 0000026C EBFE                    jmp printIt
   417                                 printIt:
   418 0000026E E895000000              call printString
   419 00000273 48C7C000000000          mov rax, FALSE
   420                                 testDone:
   421                                 
   422 0000027A 415E                   pop r14
   423 0000027C 415D                   pop r13
   424 0000027E 415C                   pop r12
   425 00000280 5B                     pop rbx
   426 00000281 4889EC                 mov rsp, rbp
   427 00000284 5D                     pop rbp
   428 00000285 C3                      ret
   429                                 
   430                                 
   431                                 
   432                                 
   433                                 
   434                                 
   435                                 
   436                                 
   437                                 
   438                                 
   439                                 
   440                                 [global aSept2int]
   441                                 aSept2int:
   442 00000286 55                     push rbp
   443 00000287 4889E5                 mov rbp, rsp
   444 0000028A 53                     push rbx
   445 0000028B 4154                   push r12
   446 0000028D 4155                   push r13
   447 0000028F 4156                   push r14
   448 00000291 4989F6                 mov r14, rsi
   449                                 
   450 00000294 4889FB                  mov rbx, rdi
   451 00000297 49C7C500000000          mov r13, 0
   452                                 nxtChar:
   453 0000029E 49C7C400000000          mov r12, 0
   454 000002A5 468A242B                mov r12b, byte [rbx+r13]
   455 000002A9 4983FC00                cmp r12, NULL
   456 000002AD 7420                    je sepDone
   457 000002AF 4180EC30                sub r12b, "0"
   458                                 
   459 000002B3 4180FC07                cmp r12b, 7
   460 000002B7 7333                    jae outOfRange
   461                                 
   462 000002B9 4180FC00                cmp r12b, 0
   463 000002BD 722D                    jb outOfRange
   464                                 
   465 000002BF 49C7C107000000          mov r9, 7
   466 000002C6 49F7E1                  mul r9
   467 000002C9 4C01E0                  add rax, r12
   468 000002CC 49FFC5                  inc r13
   469 000002CF EBCB                    jmp nxtChar
   470                                 sepDone:
   471 000002D1 4989C2                  mov r10, rax
   472                                 
   473 000002D4 4981FAE8030000          cmp r10, LIMITMIN
   474 000002DB 720F                    jb outOfRange
   475                                 
   476 000002DD 49BB00286BEE000000-     mov r11, LIMITMAX
   477 000002DD 00                 
   478 000002E7 4D39DA                  cmp r10, r11
   479 000002EA 7700                    ja outOfRange
   480 000002EC EB07                    jmp sepInRange
   481                                 
   482                                 outOfRange:
   483 000002EE 48C7C000000000          mov rax, FALSE
   484 000002F5 EB08                    jmp sepFinal
   485                                 sepInRange:
   486 000002F7 458916                  mov dword [r14], r10d
   487 000002FA 48C7C001000000          mov rax, TRUE
   488                                 sepFinal:
   489                                 
   490 00000301 415E                   pop r14
   491 00000303 415D                   pop r13
   492 00000305 415C                   pop r12
   493 00000307 5B                     pop rbx
   494 00000308 4889EC                 mov rsp, rbp
   495 0000030B 5D                     pop rbp
   496 0000030C C3                      ret
   497                                 
   498                                 
   499                                 
   500                                 
   501                                 
   502                                 
   503                                 
   504                                 
   505                                 
   506                                 
   507                                 
   508                                 
   509                                 
   510                                 
   511                                 
   512                                 
   513                                 
   514                                 
   515                                 [global printString]
   516                                 printString:
   517 0000030D 53                      push rbx
   518                                 
   519                                 
   520                                 
   521                                 
   522 0000030E 4889FB                  mov rbx, rdi
   523 00000311 48C7C200000000          mov rdx, 0
   524                                 strCountLoop:
   525 00000318 803B00                  cmp byte [rbx], NULL
   526 0000031B 7406                    je strCountDone
   527 0000031D 48FFC3                  inc rbx
   528 00000320 48FFC2                  inc rdx
   529 00000323 EBF1                    jmp strCountLoop
   530                                 strCountDone:
   531                                 
   532 00000325 4883FA00                cmp rdx, 0
   533 00000329 7411                    je prtDone
   534                                 
   535                                 
   536                                 
   537                                 
   538 0000032B 48C7C001000000          mov rax, SYS_write
   539 00000332 4889FE                  mov rsi, rdi
   540 00000335 48C7C701000000          mov rdi, STDOUT
   541                                 
   542 0000033C 0F05                    syscall
   543                                 
   544                                 
   545                                 
   546                                 
   547                                 prtDone:
   548 0000033E 5B                      pop rbx
   549 0000033F C3                      ret
   550                                 
   551                                 
   552                                 
